[2026-05-23 12:52:35] INFO [api_service:main.py:59] - Initializing Enterprise Recommendation Service startup hooks...
[2026-05-23 12:52:39] INFO [api_service:main.py:67] - Startup check complete:
[2026-05-23 12:52:39] INFO [api_service:main.py:68] -   SQL Server Database: Disconnected/Local Flat Files Only
[2026-05-23 12:52:39] INFO [api_service:main.py:69] -   Customer Recommendation Model Active: True
[2026-05-23 12:52:40] INFO [api_service:main.py:70] -   Owner Recommendation Model Active: True
[2026-05-23 15:10:32] INFO [api_service:main.py:59] - Initializing Enterprise Recommendation Service startup hooks...
[2026-05-23 15:10:36] INFO [api_service:main.py:67] - Startup check complete:
[2026-05-23 15:10:36] INFO [api_service:main.py:68] -   SQL Server Database: Disconnected/Local Flat Files Only
[2026-05-23 15:10:36] INFO [api_service:main.py:69] -   Customer Recommendation Model Active: True
[2026-05-23 15:10:36] INFO [api_service:main.py:70] -   Owner Recommendation Model Active: True
[2026-05-29 19:02:35] INFO [api_service:main.py:59] - Initializing Enterprise Recommendation Service startup hooks...
[2026-05-29 19:02:38] INFO [api_service:main.py:67] - Startup check complete:
[2026-05-29 19:02:38] INFO [api_service:main.py:68] -   SQL Server Database: Connected
[2026-05-29 19:02:38] INFO [api_service:main.py:69] -   Customer Recommendation Model Active: True
[2026-05-29 19:02:38] INFO [api_service:main.py:70] -   Owner Recommendation Model Active: True
[2026-05-31 16:46:41] INFO [api_service:main.py:59] - Initializing Enterprise Recommendation Service startup hooks...
[2026-05-31 16:46:43] INFO [api_service:main.py:67] - Startup check complete:
[2026-05-31 16:46:43] INFO [api_service:main.py:68] -   SQL Server Database: Connected
[2026-05-31 16:46:43] INFO [api_service:main.py:69] -   Customer Recommendation Model Active: True
[2026-05-31 16:46:43] INFO [api_service:main.py:70] -   Owner Recommendation Model Active: True
[2026-05-31 16:46:52] INFO [api_service:main.py:59] - Initializing Enterprise Recommendation Service startup hooks...
[2026-05-31 16:46:54] INFO [api_service:main.py:67] - Startup check complete:
[2026-05-31 16:46:54] INFO [api_service:main.py:68] -   SQL Server Database: Connected
[2026-05-31 16:46:54] INFO [api_service:main.py:69] -   Customer Recommendation Model Active: True
[2026-05-31 16:46:54] INFO [api_service:main.py:70] -   Owner Recommendation Model Active: True
[2026-05-31 18:38:34] INFO [api_service:main.py:59] - Initializing Enterprise Recommendation Service startup hooks...
[2026-05-31 18:38:37] INFO [api_service:main.py:67] - Startup check complete:
[2026-05-31 18:38:37] INFO [api_service:main.py:68] -   SQL Server Database: Connected
[2026-05-31 18:38:37] INFO [api_service:main.py:69] -   Customer Recommendation Model Active: True
[2026-05-31 18:38:37] INFO [api_service:main.py:70] -   Owner Recommendation Model Active: True
